[INFO] Scanning for projects...
[INFO]
[INFO] ----------------------< com.example:task-manager >----------------------
[INFO] Building TaskManager 0.0.1-SNAPSHOT
[INFO]   from pom.xml
[INFO] --------------------------------[ jar ]---------------------------------
[INFO]
[INFO] >>> spring-boot:3.2.4:run (default-cli) > test-compile @ task-manager >>>
[INFO]
[INFO] --- resources:3.3.1:resources (default-resources) @ task-manager ---
[INFO] Copying 1 resource from src/main/resources to target/classes
[INFO] Copying 3 resources from src/main/resources to target/classes
[INFO]
[INFO] --- compiler:3.11.0:compile (default-compile) @ task-manager ---
[INFO] Nothing to compile - all classes are up to date
[INFO]
[INFO] --- resources:3.3.1:testResources (default-testResources) @ task-manager ---
[INFO] Copying 1 resource from src/test/resources to target/test-classes
[INFO]
[INFO] --- compiler:3.11.0:testCompile (default-testCompile) @ task-manager ---
[INFO] Nothing to compile - all classes are up to date
[INFO]
[INFO] <<< spring-boot:3.2.4:run (default-cli) < test-compile @ task-manager <<<
[INFO]
[INFO]
[INFO] --- spring-boot:3.2.4:run (default-cli) @ task-manager ---
[INFO] Attaching agents: []

  .   ____          _            __ _ _
 /\\ / ___'_ __ _ _(_)_ __  __ _ \ \ \ \
( ( )\___ | '_ | '_| | '_ \/ _` | \ \ \ \
 \\/  ___)| |_)| | | | | || (_| |  ) ) ) )
  '  |____| .__|_| |_|_| |_\__, | / / / /
 =========|_|==============|___/=/_/_/_/
 :: Spring Boot ::                (v3.2.4)

2026-03-19T12:13:41.051Z  INFO 26961 --- [           main] c.e.taskmanager.TaskManagerApplication   : Starting TaskManagerApplication using Java 21.0.10 with PID 26961 (/app/target/classes started by jules in /app)
2026-03-19T12:13:41.054Z  INFO 26961 --- [           main] c.e.taskmanager.TaskManagerApplication   : No active profile set, falling back to 1 default profile: "default"
2026-03-19T12:13:41.915Z  INFO 26961 --- [           main] .s.d.r.c.RepositoryConfigurationDelegate : Bootstrapping Spring Data JPA repositories in DEFAULT mode.
2026-03-19T12:13:41.991Z  INFO 26961 --- [           main] .s.d.r.c.RepositoryConfigurationDelegate : Finished Spring Data repository scanning in 67 ms. Found 3 JPA repository interfaces.
2026-03-19T12:13:42.640Z  INFO 26961 --- [           main] o.s.b.w.embedded.tomcat.TomcatWebServer  : Tomcat initialized with port 8080 (http)
2026-03-19T12:13:42.656Z  INFO 26961 --- [           main] o.apache.catalina.core.StandardService   : Starting service [Tomcat]
2026-03-19T12:13:42.657Z  INFO 26961 --- [           main] o.apache.catalina.core.StandardEngine    : Starting Servlet engine: [Apache Tomcat/10.1.19]
2026-03-19T12:13:42.723Z  INFO 26961 --- [           main] o.a.c.c.C.[Tomcat].[localhost].[/]       : Initializing Spring embedded WebApplicationContext
2026-03-19T12:13:42.725Z  INFO 26961 --- [           main] w.s.c.ServletWebServerApplicationContext : Root WebApplicationContext: initialization completed in 1618 ms
2026-03-19T12:13:42.766Z  INFO 26961 --- [           main] com.zaxxer.hikari.HikariDataSource       : HikariPool-1 - Starting...
2026-03-19T12:13:42.986Z  INFO 26961 --- [           main] com.zaxxer.hikari.pool.HikariPool        : HikariPool-1 - Added connection conn0: url=jdbc:h2:mem:testdb user=SA
2026-03-19T12:13:42.988Z  INFO 26961 --- [           main] com.zaxxer.hikari.HikariDataSource       : HikariPool-1 - Start completed.
2026-03-19T12:13:43.002Z  INFO 26961 --- [           main] o.s.b.a.h2.H2ConsoleAutoConfiguration    : H2 console available at '/h2-console'. Database available at 'jdbc:h2:mem:testdb'
2026-03-19T12:13:43.153Z  INFO 26961 --- [           main] o.hibernate.jpa.internal.util.LogHelper  : HHH000204: Processing PersistenceUnitInfo [name: default]
2026-03-19T12:13:43.214Z  INFO 26961 --- [           main] org.hibernate.Version                    : HHH000412: Hibernate ORM core version 6.4.4.Final
2026-03-19T12:13:43.284Z  INFO 26961 --- [           main] o.h.c.internal.RegionFactoryInitiator    : HHH000026: Second-level cache disabled
2026-03-19T12:13:43.515Z  INFO 26961 --- [           main] o.s.o.j.p.SpringPersistenceUnitInfo      : No LoadTimeWeaver setup: ignoring JPA class transformer
2026-03-19T12:13:43.559Z  WARN 26961 --- [           main] org.hibernate.orm.deprecation            : HHH90000025: H2Dialect does not need to be specified explicitly using 'hibernate.dialect' (remove the property setting and it will be selected by default)
2026-03-19T12:13:44.647Z  INFO 26961 --- [           main] o.h.e.t.j.p.i.JtaPlatformInitiator       : HHH000489: No JTA platform available (set 'hibernate.transaction.jta.platform' to enable JTA platform integration)
2026-03-19T12:13:44.753Z  INFO 26961 --- [           main] j.LocalContainerEntityManagerFactoryBean : Initialized JPA EntityManagerFactory for persistence unit 'default'
2026-03-19T12:13:45.394Z  WARN 26961 --- [           main] JpaBaseConfiguration$JpaWebConfiguration : spring.jpa.open-in-view is enabled by default. Therefore, database queries may be performed during view rendering. Explicitly configure spring.jpa.open-in-view to disable this warning
2026-03-19T12:13:45.499Z  INFO 26961 --- [           main] o.s.b.a.w.s.WelcomePageHandlerMapping    : Adding welcome page template: index
2026-03-19T12:13:45.760Z  INFO 26961 --- [           main] o.s.s.web.DefaultSecurityFilterChain     : Will secure any request with [org.springframework.security.web.session.DisableEncodeUrlFilter@48e3017a, org.springframework.security.web.context.request.async.WebAsyncManagerIntegrationFilter@4a937d43, org.springframework.security.web.context.SecurityContextHolderFilter@34893693, org.springframework.security.web.header.HeaderWriterFilter@7daf167, org.springframework.web.filter.CorsFilter@10264cb0, org.springframework.security.web.csrf.CsrfFilter@2284058a, org.springframework.security.web.authentication.logout.LogoutFilter@2c5b4b91, org.springframework.security.oauth2.client.web.OAuth2AuthorizationRequestRedirectFilter@d408c5d, org.springframework.security.oauth2.client.web.OAuth2LoginAuthenticationFilter@5d50e7f6, org.springframework.security.web.authentication.ui.DefaultLoginPageGeneratingFilter@8bb5c2a, org.springframework.security.web.authentication.ui.DefaultLogoutPageGeneratingFilter@19877453, org.springframework.security.web.savedrequest.RequestCacheAwareFilter@2f70d78c, org.springframework.security.web.servletapi.SecurityContextHolderAwareRequestFilter@456c53a, org.springframework.security.web.authentication.AnonymousAuthenticationFilter@49bf5ec8, org.springframework.security.web.access.ExceptionTranslationFilter@d827673, org.springframework.security.web.access.intercept.AuthorizationFilter@1a3e8b68]
2026-03-19T12:13:46.071Z  INFO 26961 --- [           main] o.s.b.w.embedded.tomcat.TomcatWebServer  : Tomcat started on port 8080 (http) with context path ''
2026-03-19T12:13:46.081Z  INFO 26961 --- [           main] c.e.taskmanager.TaskManagerApplication   : Started TaskManagerApplication in 5.512 seconds (process running for 5.889)
2026-03-19T12:14:28.342Z  INFO 26961 --- [nio-8080-exec-1] o.a.c.c.C.[Tomcat].[localhost].[/]       : Initializing Spring DispatcherServlet 'dispatcherServlet'
2026-03-19T12:14:28.342Z  INFO 26961 --- [nio-8080-exec-1] o.s.web.servlet.DispatcherServlet        : Initializing Servlet 'dispatcherServlet'
2026-03-19T12:14:28.344Z  INFO 26961 --- [nio-8080-exec-1] o.s.web.servlet.DispatcherServlet        : Completed initialization in 2 ms
2026-03-19T12:15:03.323Z  INFO 26961 --- [ionShutdownHook] j.LocalContainerEntityManagerFactoryBean : Closing JPA EntityManagerFactory for persistence unit 'default'
2026-03-19T12:15:03.325Z  INFO 26961 --- [ionShutdownHook] com.zaxxer.hikari.HikariDataSource       : HikariPool-1 - Shutdown initiated...
2026-03-19T12:15:03.328Z  INFO 26961 --- [ionShutdownHook] com.zaxxer.hikari.HikariDataSource       : HikariPool-1 - Shutdown completed.
[INFO] ------------------------------------------------------------------------
[INFO] BUILD FAILURE
[INFO] ------------------------------------------------------------------------
[INFO] Total time:  01:24 min
[INFO] Finished at: 2026-03-19T12:15:03Z
[INFO] ------------------------------------------------------------------------
[ERROR] Failed to execute goal org.springframework.boot:spring-boot-maven-plugin:3.2.4:run (default-cli) on project task-manager: Process terminated with exit code: 143 -> [Help 1]
[ERROR]
[ERROR] To see the full stack trace of the errors, re-run Maven with the -e switch.
[ERROR] Re-run Maven using the -X switch to enable full debug logging.
[ERROR]
[ERROR] For more information about the errors and possible solutions, please read the following articles:
[ERROR] [Help 1] http://cwiki.apache.org/confluence/display/MAVEN/MojoExecutionException
